  sl  local_address rem_address   st tx_queue rx_queue tr tm->when retrnsmt   uid  timeout inode
   0: 0100007F:0019 00000000:0000 0A 00000000:00000000 00:00000000 00000000     0        0 19328 1 0000000000000000 100 0 0 10 0
   1: 0100007F:001A 00000000:0000 0A 00000000:00000000 00:00000000 00000000     0        0 21665 1 0000000000000000 100 0 0 10 0
