{"type":"warning","data":"package.json: No license field"}
{"type":"warning","data":"No license field"}
{"type":"activityStart","data":{"id":0}}
{"type":"activityTick","data":{"id":0,"name":"moment@^2.22.1"}}
{"type":"activityEnd","data":{"id":0}}
{"type":"tree","data":{"type":"list","trees":[]}}
