{"type":"warning","data":"package.json: No license field"}
{"type":"warning","data":"No license field"}
{"type":"activityStart","data":{"id":0}}
{"type":"activityTick","data":{"id":0,"name":"express@^4.16.3"}}
{"type":"activityTick","data":{"id":0,"name":"accepts@~1.3.5"}}
{"type":"activityTick","data":{"id":0,"name":"array-flatten@1.1.1"}}
{"type":"activityTick","data":{"id":0,"name":"body-parser@1.18.2"}}
{"type":"activityTick","data":{"id":0,"name":"content-disposition@0.5.2"}}
{"type":"activityTick","data":{"id":0,"name":"content-type@~1.0.4"}}
{"type":"activityTick","data":{"id":0,"name":"cookie@0.3.1"}}
{"type":"activityTick","data":{"id":0,"name":"cookie-signature@1.0.6"}}
{"type":"activityTick","data":{"id":0,"name":"debug@2.6.9"}}
{"type":"activityTick","data":{"id":0,"name":"depd@~1.1.2"}}
{"type":"activityTick","data":{"id":0,"name":"encodeurl@~1.0.2"}}
{"type":"activityTick","data":{"id":0,"name":"escape-html@~1.0.3"}}
{"type":"activityTick","data":{"id":0,"name":"etag@~1.8.1"}}
{"type":"activityTick","data":{"id":0,"name":"finalhandler@1.1.1"}}
{"type":"activityTick","data":{"id":0,"name":"fresh@0.5.2"}}
{"type":"activityTick","data":{"id":0,"name":"merge-descriptors@1.0.1"}}
{"type":"activityTick","data":{"id":0,"name":"methods@~1.1.2"}}
{"type":"activityTick","data":{"id":0,"name":"on-finished@~2.3.0"}}
{"type":"activityTick","data":{"id":0,"name":"parseurl@~1.3.2"}}
{"type":"activityTick","data":{"id":0,"name":"path-to-regexp@0.1.7"}}
{"type":"activityTick","data":{"id":0,"name":"proxy-addr@~2.0.3"}}
{"type":"activityTick","data":{"id":0,"name":"qs@6.5.1"}}
{"type":"activityTick","data":{"id":0,"name":"range-parser@~1.2.0"}}
{"type":"activityTick","data":{"id":0,"name":"safe-buffer@5.1.1"}}
{"type":"activityTick","data":{"id":0,"name":"send@0.16.2"}}
{"type":"activityTick","data":{"id":0,"name":"serve-static@1.13.2"}}
{"type":"activityTick","data":{"id":0,"name":"setprototypeof@1.1.0"}}
{"type":"activityTick","data":{"id":0,"name":"statuses@~1.4.0"}}
{"type":"activityTick","data":{"id":0,"name":"type-is@~1.6.16"}}
{"type":"activityTick","data":{"id":0,"name":"utils-merge@1.0.1"}}
{"type":"activityTick","data":{"id":0,"name":"vary@~1.1.2"}}
{"type":"activityTick","data":{"id":0,"name":"mime-types@~2.1.18"}}
{"type":"activityTick","data":{"id":0,"name":"negotiator@0.6.1"}}
{"type":"activityTick","data":{"id":0,"name":"bytes@3.0.0"}}
{"type":"activityTick","data":{"id":0,"name":"depd@~1.1.1"}}
{"type":"activityTick","data":{"id":0,"name":"http-errors@~1.6.2"}}
{"type":"activityTick","data":{"id":0,"name":"iconv-lite@0.4.19"}}
{"type":"activityTick","data":{"id":0,"name":"raw-body@2.3.2"}}
{"type":"activityTick","data":{"id":0,"name":"type-is@~1.6.15"}}
{"type":"activityTick","data":{"id":0,"name":"ms@2.0.0"}}
{"type":"activityTick","data":{"id":0,"name":"unpipe@~1.0.0"}}
{"type":"activityTick","data":{"id":0,"name":"ee-first@1.1.1"}}
{"type":"activityTick","data":{"id":0,"name":"forwarded@~0.1.2"}}
{"type":"activityTick","data":{"id":0,"name":"ipaddr.js@1.6.0"}}
{"type":"activityTick","data":{"id":0,"name":"destroy@~1.0.4"}}
{"type":"activityTick","data":{"id":0,"name":"mime@1.4.1"}}
{"type":"activityTick","data":{"id":0,"name":"media-typer@0.3.0"}}
{"type":"activityTick","data":{"id":0,"name":"mime-db@~1.33.0"}}
{"type":"activityTick","data":{"id":0,"name":"inherits@2.0.3"}}
{"type":"activityTick","data":{"id":0,"name":"statuses@>= 1.4.0 < 2"}}
{"type":"activityTick","data":{"id":0,"name":"http-errors@1.6.2"}}
{"type":"activityTick","data":{"id":0,"name":"unpipe@1.0.0"}}
{"type":"activityTick","data":{"id":0,"name":"depd@1.1.1"}}
{"type":"activityTick","data":{"id":0,"name":"setprototypeof@1.0.3"}}
{"type":"activityTick","data":{"id":0,"name":"statuses@>= 1.3.1 < 2"}}
{"type":"activityEnd","data":{"id":0}}
{"type":"tree","data":{"type":"list","trees":[{"name":"depd@1.1.2","children":[],"hint":null,"color":"bold","depth":0},{"name":"http-errors@1.6.3","children":[{"name":"depd@~1.1.2","color":"dim","shadow":true},{"name":"inherits@2.0.3","color":"dim","shadow":true},{"name":"setprototypeof@1.1.0","color":"dim","shadow":true},{"name":"statuses@>= 1.4.0 < 2","color":"dim","shadow":true},{"name":"statuses@1.5.0","children":[],"hint":null,"color":"bold","depth":0}],"hint":null,"color":"bold","depth":0},{"name":"setprototypeof@1.1.0","children":[],"hint":null,"color":"bold","depth":0},{"name":"statuses@1.4.0","children":[],"hint":null,"color":"bold","depth":0},{"name":"express@4.16.3","children":[{"name":"accepts@~1.3.5","color":"dim","shadow":true},{"name":"array-flatten@1.1.1","color":"dim","shadow":true},{"name":"body-parser@1.18.2","color":"dim","shadow":true},{"name":"content-disposition@0.5.2","color":"dim","shadow":true},{"name":"content-type@~1.0.4","color":"dim","shadow":true},{"name":"cookie@0.3.1","color":"dim","shadow":true},{"name":"cookie-signature@1.0.6","color":"dim","shadow":true},{"name":"debug@2.6.9","color":"dim","shadow":true},{"name":"depd@~1.1.2","color":"dim","shadow":true},{"name":"encodeurl@~1.0.2","color":"dim","shadow":true},{"name":"escape-html@~1.0.3","color":"dim","shadow":true},{"name":"etag@~1.8.1","color":"dim","shadow":true},{"name":"finalhandler@1.1.1","color":"dim","shadow":true},{"name":"fresh@0.5.2","color":"dim","shadow":true},{"name":"merge-descriptors@1.0.1","color":"dim","shadow":true},{"name":"methods@~1.1.2","color":"dim","shadow":true},{"name":"on-finished@~2.3.0","color":"dim","shadow":true},{"name":"parseurl@~1.3.2","color":"dim","shadow":true},{"name":"path-to-regexp@0.1.7","color":"dim","shadow":true},{"name":"proxy-addr@~2.0.3","color":"dim","shadow":true},{"name":"qs@6.5.1","color":"dim","shadow":true},{"name":"range-parser@~1.2.0","color":"dim","shadow":true},{"name":"safe-buffer@5.1.1","color":"dim","shadow":true},{"name":"send@0.16.2","color":"dim","shadow":true},{"name":"serve-static@1.13.2","color":"dim","shadow":true},{"name":"setprototypeof@1.1.0","color":"dim","shadow":true},{"name":"statuses@~1.4.0","color":"dim","shadow":true},{"name":"type-is@~1.6.16","color":"dim","shadow":true},{"name":"utils-merge@1.0.1","color":"dim","shadow":true},{"name":"vary@~1.1.2","color":"dim","shadow":true}],"hint":null,"color":"bold","depth":0},{"name":"accepts@1.3.5","children":[{"name":"mime-types@~2.1.18","color":"dim","shadow":true},{"name":"negotiator@0.6.1","color":"dim","shadow":true}],"hint":null,"color":null,"depth":0},{"name":"array-flatten@1.1.1","children":[],"hint":null,"color":null,"depth":0},{"name":"body-parser@1.18.2","children":[{"name":"bytes@3.0.0","color":"dim","shadow":true},{"name":"content-type@~1.0.4","color":"dim","shadow":true},{"name":"debug@2.6.9","color":"dim","shadow":true},{"name":"depd@~1.1.1","color":"dim","shadow":true},{"name":"http-errors@~1.6.2","color":"dim","shadow":true},{"name":"iconv-lite@0.4.19","color":"dim","shadow":true},{"name":"on-finished@~2.3.0","color":"dim","shadow":true},{"name":"qs@6.5.1","color":"dim","shadow":true},{"name":"raw-body@2.3.2","color":"dim","shadow":true},{"name":"type-is@~1.6.15","color":"dim","shadow":true}],"hint":null,"color":null,"depth":0},{"name":"content-disposition@0.5.2","children":[],"hint":null,"color":null,"depth":0},{"name":"content-type@1.0.4","children":[],"hint":null,"color":null,"depth":0},{"name":"cookie-signature@1.0.6","children":[],"hint":null,"color":null,"depth":0},{"name":"cookie@0.3.1","children":[],"hint":null,"color":null,"depth":0},{"name":"debug@2.6.9","children":[{"name":"ms@2.0.0","color":"dim","shadow":true}],"hint":null,"color":null,"depth":0},{"name":"encodeurl@1.0.2","children":[],"hint":null,"color":null,"depth":0},{"name":"escape-html@1.0.3","children":[],"hint":null,"color":null,"depth":0},{"name":"etag@1.8.1","children":[],"hint":null,"color":null,"depth":0},{"name":"finalhandler@1.1.1","children":[{"name":"debug@2.6.9","color":"dim","shadow":true},{"name":"encodeurl@~1.0.2","color":"dim","shadow":true},{"name":"escape-html@~1.0.3","color":"dim","shadow":true},{"name":"on-finished@~2.3.0","color":"dim","shadow":true},{"name":"parseurl@~1.3.2","color":"dim","shadow":true},{"name":"statuses@~1.4.0","color":"dim","shadow":true},{"name":"unpipe@~1.0.0","color":"dim","shadow":true}],"hint":null,"color":null,"depth":0},{"name":"fresh@0.5.2","children":[],"hint":null,"color":null,"depth":0},{"name":"inherits@2.0.3","children":[],"hint":null,"color":null,"depth":0},{"name":"merge-descriptors@1.0.1","children":[],"hint":null,"color":null,"depth":0},{"name":"methods@1.1.2","children":[],"hint":null,"color":null,"depth":0},{"name":"on-finished@2.3.0","children":[{"name":"ee-first@1.1.1","color":"dim","shadow":true}],"hint":null,"color":null,"depth":0},{"name":"parseurl@1.3.2","children":[],"hint":null,"color":null,"depth":0},{"name":"path-to-regexp@0.1.7","children":[],"hint":null,"color":null,"depth":0},{"name":"proxy-addr@2.0.3","children":[{"name":"forwarded@~0.1.2","color":"dim","shadow":true},{"name":"ipaddr.js@1.6.0","color":"dim","shadow":true}],"hint":null,"color":null,"depth":0},{"name":"qs@6.5.1","children":[],"hint":null,"color":null,"depth":0},{"name":"range-parser@1.2.0","children":[],"hint":null,"color":null,"depth":0},{"name":"safe-buffer@5.1.1","children":[],"hint":null,"color":null,"depth":0},{"name":"send@0.16.2","children":[{"name":"debug@2.6.9","color":"dim","shadow":true},{"name":"depd@~1.1.2","color":"dim","shadow":true},{"name":"destroy@~1.0.4","color":"dim","shadow":true},{"name":"encodeurl@~1.0.2","color":"dim","shadow":true},{"name":"escape-html@~1.0.3","color":"dim","shadow":true},{"name":"etag@~1.8.1","color":"dim","shadow":true},{"name":"fresh@0.5.2","color":"dim","shadow":true},{"name":"http-errors@~1.6.2","color":"dim","shadow":true},{"name":"mime@1.4.1","color":"dim","shadow":true},{"name":"ms@2.0.0","color":"dim","shadow":true},{"name":"on-finished@~2.3.0","color":"dim","shadow":true},{"name":"range-parser@~1.2.0","color":"dim","shadow":true},{"name":"statuses@~1.4.0","color":"dim","shadow":true}],"hint":null,"color":null,"depth":0},{"name":"serve-static@1.13.2","children":[{"name":"encodeurl@~1.0.2","color":"dim","shadow":true},{"name":"escape-html@~1.0.3","color":"dim","shadow":true},{"name":"parseurl@~1.3.2","color":"dim","shadow":true},{"name":"send@0.16.2","color":"dim","shadow":true}],"hint":null,"color":null,"depth":0},{"name":"type-is@1.6.16","children":[{"name":"media-typer@0.3.0","color":"dim","shadow":true},{"name":"mime-types@~2.1.18","color":"dim","shadow":true}],"hint":null,"color":null,"depth":0},{"name":"utils-merge@1.0.1","children":[],"hint":null,"color":null,"depth":0},{"name":"vary@1.1.2","children":[],"hint":null,"color":null,"depth":0},{"name":"bytes@3.0.0","children":[],"hint":null,"color":null,"depth":0},{"name":"destroy@1.0.4","children":[],"hint":null,"color":null,"depth":0},{"name":"ee-first@1.1.1","children":[],"hint":null,"color":null,"depth":0},{"name":"forwarded@0.1.2","children":[],"hint":null,"color":null,"depth":0},{"name":"iconv-lite@0.4.19","children":[],"hint":null,"color":null,"depth":0},{"name":"ipaddr.js@1.6.0","children":[],"hint":null,"color":null,"depth":0},{"name":"media-typer@0.3.0","children":[],"hint":null,"color":null,"depth":0},{"name":"mime-types@2.1.18","children":[{"name":"mime-db@~1.33.0","color":"dim","shadow":true}],"hint":null,"color":null,"depth":0},{"name":"mime@1.4.1","children":[],"hint":null,"color":null,"depth":0},{"name":"ms@2.0.0","children":[],"hint":null,"color":null,"depth":0},{"name":"negotiator@0.6.1","children":[],"hint":null,"color":null,"depth":0},{"name":"raw-body@2.3.2","children":[{"name":"bytes@3.0.0","color":"dim","shadow":true},{"name":"http-errors@1.6.2","color":"dim","shadow":true},{"name":"iconv-lite@0.4.19","color":"dim","shadow":true},{"name":"unpipe@1.0.0","color":"dim","shadow":true},{"name":"http-errors@1.6.2","children":[{"name":"depd@1.1.1","color":"dim","shadow":true},{"name":"inherits@2.0.3","color":"dim","shadow":true},{"name":"setprototypeof@1.0.3","color":"dim","shadow":true},{"name":"statuses@>= 1.3.1 < 2","color":"dim","shadow":true}],"hint":null,"color":"bold","depth":0},{"name":"depd@1.1.1","children":[],"hint":null,"color":null,"depth":0},{"name":"setprototypeof@1.0.3","children":[],"hint":null,"color":null,"depth":0},{"name":"statuses@1.5.0","children":[],"hint":null,"color":null,"depth":0}],"hint":null,"color":null,"depth":0},{"name":"unpipe@1.0.0","children":[],"hint":null,"color":null,"depth":0},{"name":"mime-db@1.33.0","children":[],"hint":null,"color":null,"depth":0}]}}
