{"type":"warning","data":"package.json: License should be a valid SPDX license expression"}
{"type":"log","data":"{\n  \"rootModuleFolders\": [\n    \"/node_modules\",\n    \"/projects/frontend-plugin/node_modules\"\n  ],\n  \"registryFolders\": [\n    \"node_modules\",\n    \"/node_modules\"\n  ],\n  \"linkedModules\": [],\n  \"cache\": {},\n  \"cwd\": \"/projects/frontend-plugin\",\n  \"looseSemver\": true,\n  \"commandName\": \"config\",\n  \"preferOffline\": false,\n \"modulesFolder\": \"/node_modules\",\n  \"globalFolder\": \"/home/theia/.config/yarn/global\",\n  \"linkFolder\": \"/home/theia/.config/yarn/link\",\n  \"offline\": false,\n  \"binLinks\": true,\n  \"ignorePlatform\": false,\n  \"ignoreScripts\": false,\n  \"disablePrepublish\": false,\n  \"nonInteractive\": false,\n  \"workspaceRootFolder\": null,\n  \"lockfileFolder\": \"/projects/frontend-plugin\",\n  \"networkConcurrency\": 8,\n  \"childConcurrency\": 5,\n  \"networkTimeout\": 30000,\n  \"workspacesEnabled\": true,\n  \"workspacesNohoistEnabled\": true,\n  \"pruneOfflineMirror\": false,\n  \"enableMetaFolder\": false,\n  \"enableLockfileVersions\": false,\n  \"linkFileDependencies\": false,\n  \"cacheFolder\": \"/home/theia/.cache/yarn/v2\",\n  \"tempFolder\": \"/home/theia/.cache/yarn/v2/.tmp\",\n  \"production\": false\n}"}
