{"type":"warning","data":"package.json: No license field"}
{"type":"warning","data":"No license field"}
{"type":"activityStart","data":{"id":0}}
{"type":"activityTick","data":{"id":0,"name":"react@^16.6.3"}}
{"type":"activityTick","data":{"id":0,"name":"loose-envify@^1.1.0"}}
{"type":"activityTick","data":{"id":0,"name":"object-assign@^4.1.1"}}
{"type":"activityTick","data":{"id":0,"name":"prop-types@^15.6.2"}}
{"type":"activityTick","data":{"id":0,"name":"scheduler@^0.11.2"}}
{"type":"activityTick","data":{"id":0,"name":"js-tokens@^3.0.0 || ^4.0.0"}}
{"type":"activityTick","data":{"id":0,"name":"loose-envify@^1.3.1"}}
{"type":"activityTick","data":{"id":0,"name":"object-assign@^4.1.1"}}
{"type":"activityTick","data":{"id":0,"name":"loose-envify@^1.1.0"}}
{"type":"activityTick","data":{"id":0,"name":"object-assign@^4.1.1"}}
{"type":"activityEnd","data":{"id":0}}
{"type":"tree","data":{"type":"list","trees":[{"name":"react@16.6.3","children":[{"name":"loose-envify@^1.1.0"}],"hint":null,"color":"bold","depth":0},{"name":"loose-envify@1.4.0","children":[{"name":"js-tokens@^3.0.0 || ^4.0.0","color":"dim","shadow":true}],"hint":null,"color":null,"depth":0},{"name":"object-assign@4.1.1","children":[],"hint":null,"color":null,"depth":0},{"name":"prop-types@15.6.2","children":[{"name":"loose-envify@^1.3.1","color":"dim","shadow":true},{"name":"object-assign@^4.1.1","color":"dim","shadow":true}],"hint":null,"color":null,"depth":0},{"name":"scheduler@0.11.2","children":[{"name":"loose-envify@^1.1.0","color":"dim","shadow":true},{"name":"object-assign@^4.1.1","color":"dim","shadow":true}],"hint":null,"color":null,"depth":0},{"name":"js-tokens@4.0.0","children":[],"hint":null,"color":null,"depth":0}]}}
