{
"links": {
"self": "http://che-che.192.168.99.103.nip.io/api/workspace/workspace0pnu0qrzuilq9fjp",
"ide": "http://che-che.192.168.99.103.nip.io/che/fbenoit",
"environment/statusChannel": "ws://che-che.192.168.99.103.nip.io/api/websocket",
"environment/outputChannel": "ws://che-che.192.168.99.103.nip.io/api/websocket"
},
"attributes": {
"org.eclipse.che.runtimes_id": "runtimesiddeoue4m624dm98",
"updated": "1553591801717",
"created": "1553590924087",
"stackId": "che7-preview"
},
"namespace": "che",
"temporary": false,
"id": "workspace0pnu0qrzuilq9fjp",
"status": "RUNNING",
"runtime": {
"machines": {
"ws/theia-ide": {
"attributes": {
"memoryLimitBytes": "2048000000",
"memoryRequestBytes": "2048000000",
"source": "tool",
"plugin": "org.eclipse.che.editor.theia"
},
"servers": {
"theia-redirect-8": {
"url": "http://serveryp2q3s76-ws-theia-ide-server-13138.192.168.99.103.nip.io/",
"attributes": {
"internal": "false",
"port": "13138",
"discoverable": "false"
},
"status": "UNKNOWN"
},
"theia-redirect-7": {
"url": "http://serveryp2q3s76-ws-theia-ide-server-13137.192.168.99.103.nip.io/",
"attributes": {
"internal": "false",
"port": "13137",
"discoverable": "false"
},
"status": "UNKNOWN"
},
"theia-redirect-6": {
"url": "http://serveryp2q3s76-ws-theia-ide-server-13136.192.168.99.103.nip.io/",
"attributes": {
"internal": "false",
"port": "13136",
"discoverable": "false"
},
"status": "UNKNOWN"
},
"theia-redirect-5": {
"url": "http://serveryp2q3s76-ws-theia-ide-server-13135.192.168.99.103.nip.io/",
"attributes": {
"internal": "false",
"port": "13135",
"discoverable": "false"
},
"status": "UNKNOWN"
},
"theia-redirect-9": {
"url": "http://serveryp2q3s76-ws-theia-ide-server-13139.192.168.99.103.nip.io/",
"attributes": {
"internal": "false",
"port": "13139",
"discoverable": "false"
},
"status": "UNKNOWN"
},
"theia": {
"url": "http://serveryp2q3s76-ws-theia-ide-server-3100.192.168.99.103.nip.io/",
"attributes": {
"internal": "false",
"port": "3100",
"discoverable": "false",
"cookiesAuthEnabled": "true",
"type": "ide",
"secure": "true"
},
"status": "RUNNING"
},
"theia-dev": {
"url": "http://serveryp2q3s76-ws-theia-ide-server-3130.192.168.99.103.nip.io/",
"attributes": {
"internal": "false",
"type": "ide-dev",
"port": "3130",
"discoverable": "false"
},
"status": "UNKNOWN"
},
"theia-redirect-4": {
"url": "http://serveryp2q3s76-ws-theia-ide-server-13134.192.168.99.103.nip.io/",
"attributes": {
"internal": "false",
"port": "13134",
"discoverable": "false"
},
"status": "UNKNOWN"
},
"theia-redirect-3": {
"url": "http://serveryp2q3s76-ws-theia-ide-server-13133.192.168.99.103.nip.io/",
"attributes": {
"internal": "false",
"port": "13133",
"discoverable": "false"
},
"status": "UNKNOWN"
},
"theia-redirect-2": {
"url": "http://serveryp2q3s76-ws-theia-ide-server-13132.192.168.99.103.nip.io/",
"attributes": {
"internal": "false",
"port": "13132",
"discoverable": "false"
},
"status": "UNKNOWN"
},
"theia-redirect-1": {
"url": "http://serveryp2q3s76-ws-theia-ide-server-13131.192.168.99.103.nip.io/",
"attributes": {
"internal": "false",
"port": "13131",
"discoverable": "false"
},
"status": "UNKNOWN"
}
},
"status": "RUNNING"
},
"ws/che-machine-exec": {
"attributes": {
"memoryLimitBytes": "134217728",
"memoryRequestBytes": "134217728",
"source": "tool",
"plugin": "che-machine-exec-plugin"
},
"servers": {
"che-machine-exec": {
"url": "ws://serveraulkt3yd-ws-che-machine-exec-server-4444.192.168.99.103.nip.io/",
"attributes": {
"internal": "false",
"type": "terminal",
"port": "4444",
"discoverable": "false"
},
"status": "UNKNOWN"
}
},
"status": "RUNNING"
},
"ws/dev": {
"attributes": {
"memoryLimitBytes": "536870912",
"memoryRequestBytes": "536870912",
"source": "recipe"
},
"servers": {},
"status": "RUNNING"
}
},
"warnings": [],
"activeEnv": "default",
"commands": [],
"machineToken": "",
"links": []
},
"config": {
"defaultEnv": "default",
"environments": {
"default": {
"machines": {
"ws/dev": {
"attributes": {
"memoryLimitBytes": "536870912"
},
"servers": {},
"volumes": {
"projects": {
"path": "/projects"
}
},
"installers": [],
"env": {}
}
},
"recipe": {
"type": "kubernetes",
"content": "kind: List\nitems:\n - \n  apiVersion: v1\n  kind: Pod\n  metadata:\n   name: ws\n  spec:\n   containers:\n    - \n     image: 'eclipse/che-theia-dev:next'\n     name: dev\n     resources:\n      limits:\n       memory: 2048Mi\n",
"contentType": "application/x-yaml"
}
}
},
"projects": [
{
"links": [],
"name": "che-theia",
"attributes": {},
"source": {
"location": "https://github.com/eclipse/che-theia",
"type": "git",
"parameters": {
"branch": "fb-port-plugin"
}
},
"path": "/che-theia",
"description": "",
"mixins": [],
"problems": []
}
],
"name": "fbenoit",
"attributes": {
"editor": "https://raw.githubusercontent.com/benoitf/custom-repo/master/plugins/org.eclipse.che.editor.theia:next",
"plugins": "che-machine-exec-plugin:0.0.1"
},
"commands": [],
"links": []
}
}
