  sl  local_address                         remote_address                        st tx_queue rx_queuetr tm->when retrnsmt   uid  timeout inode
   0: 00000000000000000000000001000000:04D4 00000000000000000000000000000000:0000 0A 00000000:0000000000:00000000 00000000 1012320000        0 1665447381 1 ffff9a2267e4d280 100 0 0 10 0
   1: 00000000000000000000000000000000:115C 00000000000000000000000000000000:0000 0A 00000000:0000000000:00000000 00000000 1012320000        0 1665046553 1 ffff9a1bc596f380 100 0 0 10 0
   2: 0000000000000000FFFF0000E105810A:115C 0000000000000000FFFF00000100830A:93A6 01 00000000:0000000002:000002C6 00000000 1012320000        0 1665144412 2 ffff9a219c9d5ac0 21 6 19 7 7
   3: 0000000000000000FFFF0000E105810A:115C 0000000000000000FFFF00000100830A:99F1 01 00000000:0000000002:00002B2C 00000000 1012320000        0 1665156834 4 ffff9a219c9d6300 20 4 29 7 7
   4: 0000000000000000FFFF0000E105810A:115C 0000000000000000FFFF00000102810A:80A8 01 00000000:0000000002:000017F9 00000000 1012320000        0 1665144452 2 ffff9a219c9d5280 20 4 29 10 -1
   
